AniShadow server running on http://localhost:3001
[AniKoto Debug] Selected match: {
  title: 'Tokyo Revengers: War of the Three Titan Arc',
  href: 'https://anikoto.cz/watch/tokyo-revengers-war-of-the-three-titan-arc-05363'
}
[AniKoto] Resolved episode 1 for "Tokyo Revengers: War of the Three Titan Arc".
[Proxy] Success: https://megaplay.buzz/stream/s-2/810433/sub?s=tcdn... with referer: https://megaplay.buzz
[AniKoto Debug] Selected match: {
  title: 'Tokyo Revengers: War of the Three Titan Arc',
  href: 'https://anikoto.cz/watch/tokyo-revengers-war-of-the-three-titan-arc-05363'
}
[Streaming] No clean stream found for "Tokyo Revengers: War of the Three Titans Arc" (E:1). All providers checked.
[AniKoto] Resolved episode 1 for "Tokyo Revengers: War of the Three Titan Arc".
[AniKoto Debug] Selected match: {
  title: 'Tokyo Revengers: War of the Three Titan Arc',
  href: 'https://anikoto.cz/watch/tokyo-revengers-war-of-the-three-titan-arc-05363'
}
[AniKoto] Resolved episode 1 for "Tokyo Revengers: War of the Three Titan Arc".
[Proxy] Success: https://megaplay.buzz/stream/s-2/810433/sub?s=tcdn... with referer: https://megaplay.buzz
[AniKoto Debug] Selected match: {
  title: 'Tokyo Revengers: War of the Three Titan Arc',
  href: 'https://anikoto.cz/watch/tokyo-revengers-war-of-the-three-titan-arc-05363'
}
[AniKoto] Resolved episode 1 for "Tokyo Revengers: War of the Three Titan Arc".
[Proxy] Success: https://megaplay.buzz/stream/s-2/810433/sub?s=tcdn... with referer: https://megaplay.buzz
[AniKoto Debug] Selected match: {
  title: 'Tokyo Revengers: War of the Three Titan Arc',
  href: 'https://anikoto.cz/watch/tokyo-revengers-war-of-the-three-titan-arc-05363'
}
[AniKoto] Resolved episode 1 for "Tokyo Revengers: War of the Three Titan Arc".
[Proxy] Success: https://megaplay.buzz/stream/s-2/810433/sub?s=tcdn... with referer: https://megaplay.buzz
[AniKoto Debug] Selected match: {
  title: 'Tokyo Revengers: War of the Three Titan Arc',
  href: 'https://anikoto.cz/watch/tokyo-revengers-war-of-the-three-titan-arc-05363'
}
[AniKoto] Resolved episode 1 for "Tokyo Revengers: War of the Three Titan Arc".
